// Jest Snapshot v1, https://goo.gl/fbAQLP

exports[`App component renders an app 1`] = `
<Fragment>
  <Header />
  <button
    onClick={[Function]}
  >
    Top Quotes
  </button>
  <button
    onClick={[Function]}
  >
    Character Quotes
  </button>
  <TopQuotes
    count={12}
  />
</Fragment>
`;
